// #docregion a
a
// #enddocregion a

rest of file
